                                                            
                                                            
       ;"``   ``^_       L                  /`_             
      `           `\     L                 `  `             
     `             `     L               /`    `\           
     \             /     __________     ___________         
      `_         ;^`                                        
        ``-___--`                                           
                                                            
      _ ;; ;!___;   ;L                                      
     /qu">\;;i_!L  \\}CG[|L                                 
                                                            
                                                            
                                                            
                                                            